<area shape="rect" href="inet.networklayer.common.InterfaceTable.html" title="Simple Module InterfaceTable" alt="" coords="963,80,1061,107">
<area shape="rect" href="inet.nodes.inet.BurstHost.html" title="Compound Module BurstHost" alt="" coords="5,5,85,32">
<area shape="rect" href="inet.nodes.inet.ExtRouter.html" title="Compound Module ExtRouter" alt="" coords="109,5,189,32">
<area shape="rect" href="inet.nodes.mpls.LDP_LSR.html" title="Compound Module LDP_LSR" alt="" coords="213,5,291,32">
<area shape="rect" href="inet.nodes.adhoc.MFMobileHost.html" title="Compound Module MFMobileHost" alt="" coords="315,5,419,32">
<area shape="rect" href="inet.nodes.adhoc.MobileHost.html" title="Compound Module MobileHost" alt="" coords="443,5,528,32">
<area shape="rect" href="inet.nodes.inet.OSPFRouter.html" title="Compound Module OSPFRouter" alt="" coords="552,5,648,32">
<area shape="rect" href="inet.nodes.inet.Router.html" title="Compound Module Router" alt="" coords="672,5,744,32">
<area shape="rect" href="inet.nodes.ipv6.Router6.html" title="Compound Module Router6" alt="" coords="768,5,840,32">
<area shape="rect" href="inet.nodes.mpls.RSVP_LSR.html" title="Compound Module RSVP_LSR" alt="" coords="864,5,952,32">
<area shape="rect" href="inet.transport.rtp.RTPHost.html" title="Compound Module RTPHost" alt="" coords="976,5,1048,32">
<area shape="rect" href="inet.nodes.inet.StandardHost.html" title="Compound Module StandardHost" alt="" coords="1072,5,1171,32">
<area shape="rect" href="inet.nodes.ipv6.StandardHost6.html" title="Compound Module StandardHost6" alt="" coords="1195,5,1301,32">
<area shape="rect" href="inet.nodes.inet.StandardHostWithDLDuplicatesGenerator.html" title="Compound Module StandardHostWithDLDuplicatesGenerator" alt="" coords="1325,5,1587,32">
<area shape="rect" href="inet.nodes.inet.StandardHostWithDLThruputMeter.html" title="Compound Module StandardHostWithDLThruputMeter" alt="" coords="1611,5,1829,32">
<area shape="rect" href="inet.nodes.inet.StandardHostWithULDropsGenerator.html" title="Compound Module StandardHostWithULDropsGenerator" alt="" coords="1853,5,2088,32">
<area shape="rect" href="inet.nodes.inet.StandardHostWithULThruputMeter.html" title="Compound Module StandardHostWithULThruputMeter" alt="" coords="2112,5,2331,32">
<area shape="rect" href="inet.nodes.inet.TCPSpoofingHost.html" title="Compound Module TCPSpoofingHost" alt="" coords="2355,5,2477,32">
<area shape="rect" href="inet.nodes.wireless.WirelessHost.html" title="Compound Module WirelessHost" alt="" coords="2501,5,2600,32">
<area shape="rect" href="inet.nodes.wireless.WirelessHostSimplified.html" title="Compound Module WirelessHostSimplified" alt="" coords="2624,5,2779,32">
