<area shape="rect" href="inet.nodes.inet.StandardHost.html" title="Compound Module StandardHost" alt="" coords="1576,80,1675,107">
<area shape="rect" href="inet.transport.tcp.ITCP.html" title="Module Interface ITCP" alt="" coords="631,155,703,181">
<area shape="rect" href="inet.networklayer.common.InterfaceTable.html" title="Simple Module InterfaceTable" alt="" coords="727,155,825,181">
<area shape="rect" href="inet.linklayer.ext.ExtInterface.html" title="Simple Module ExtInterface" alt="" coords="849,155,940,181">
<area shape="rect" href="inet.util.TCPDump.html" title="Simple Module TCPDump" alt="" coords="964,155,1044,181">
<area shape="rect" href="inet.linklayer.ethernet.EthernetInterface.html" title="Compound Module EthernetInterface" alt="" coords="1068,155,1188,181">
<area shape="rect" href="inet.base.NotificationBoard.html" title="Simple Module NotificationBoard" alt="" coords="1212,155,1332,181">
<area shape="rect" href="inet.networklayer.ipv4.RoutingTable.html" title="Simple Module RoutingTable" alt="" coords="1356,155,1452,181">
<area shape="rect" href="inet.applications.sctpapp.SCTPApp.html" title="Module Interface SCTPApp" alt="" coords="1476,155,1553,181">
<area shape="rect" href="inet.linklayer.ppp.PPPInterface.html" title="Compound Module PPPInterface" alt="" coords="1577,155,1673,181">
<area shape="rect" href="inet.applications.pingapp.PingApp.html" title="Simple Module PingApp" alt="" coords="1697,155,1769,181">
<area shape="rect" href="inet.applications.tcpapp.TCPApp.html" title="Module Interface TCPApp" alt="" coords="1793,155,1865,181">
<area shape="rect" href="inet.nodes.inet.NetworkLayer.html" title="Compound Module NetworkLayer" alt="" coords="1889,155,1988,181">
<area shape="rect" href="inet.transport.udp.UDP.html" title="Simple Module UDP" alt="" coords="2012,155,2084,181">
<area shape="rect" href="inet.util.NAMTraceWriter.html" title="Simple Module NAMTraceWriter" alt="" coords="2108,155,2225,181">
<area shape="rect" href="ned.IdealChannel.html" title="Channel IdealChannel" alt="" coords="2249,155,2345,181">
<area shape="rect" href="inet.transport.sctp.SCTP.html" title="Simple Module SCTP" alt="" coords="2369,155,2441,181">
<area shape="rect" href="inet.applications.udpapp.UDPApp.html" title="Module Interface UDPApp" alt="" coords="2465,155,2537,181">
<area shape="rect" href="inet.examples.ethernet.arptest2.ARPTest.html" title="Network ARPTest" alt="" coords="5,5,77,32">
<area shape="rect" href="inet.examples.ospfv2.backbone.Backbone.html" title="Network Backbone" alt="" coords="101,5,181,32">
<area shape="rect" href="inet.examples.inet.ber.ber.html" title="Network ber" alt="" coords="205,5,277,32">
<area shape="rect" href="inet.examples.inet.bulktransfer.BulkTransfer.html" title="Network BulkTransfer" alt="" coords="301,5,395,32">
<area shape="rect" href="inet.examples.inet.tcpclientserver.ClientServer.html" title="Network ClientServer" alt="" coords="419,5,509,32">
<area shape="rect" href="inet.examples.emulation.extclient.ExtClient.html" title="Network ExtClient" alt="" coords="533,5,608,32">
<area shape="rect" href="inet.examples.emulation.extserver.extserver.html" title="Network extserver" alt="" coords="632,5,704,32">
<area shape="rect" href="inet.examples.inet.flatnet.FlatNet.html" title="Network FlatNet" alt="" coords="728,5,800,32">
<area shape="rect" href="inet.examples.inet.kidsnw1.KIDSNw1.html" title="Network KIDSNw1" alt="" coords="824,5,899,32">
<area shape="rect" href="inet.examples.mpls.ldp.LDPTEST.html" title="Network LDPTEST" alt="" coords="923,5,1000,32">
<area shape="rect" href="inet.examples.sctp.multihomed.multi.html" title="Network multi" alt="" coords="1024,5,1096,32">
<area shape="rect" href="inet.examples.inet.multicast.MulticastNetwork.html" title="Network MulticastNetwork" alt="" coords="1120,5,1240,32">
<area shape="rect" href="inet.examples.sctp.nclients.NClients.html" title="Network NClients" alt="" coords="1264,5,1336,32">
<area shape="rect" href="inet.examples.inet.nclients.NClients2.html" title="Network NClients2" alt="" coords="1360,5,1437,32">
<area shape="rect" href="inet.examples.ospfv2.areas.OneNetArea.html" title="Compound Module OneNetArea" alt="" coords="1461,5,1552,32">
<area shape="rect" href="inet.examples.ospfv2.fulltest.OSPF_Area1.html" title="Compound Module OSPF_Area1" alt="" coords="1576,5,1675,32">
<area shape="rect" href="inet.examples.ospfv2.fulltest.OSPF_Area2.html" title="Compound Module OSPF_Area2" alt="" coords="1699,5,1797,32">
<area shape="rect" href="inet.examples.ospfv2.fulltest.OSPF_Area3.html" title="Compound Module OSPF_Area3" alt="" coords="1821,5,1920,32">
<area shape="rect" href="inet.examples.ospfv2.fulltest.OSPF_TestNetwork.html" title="Network OSPF_TestNetwork" alt="" coords="1944,5,2080,32">
<area shape="rect" href="inet.examples.mpls.net37.R37.html" title="Network R37" alt="" coords="2104,5,2176,32">
<area shape="rect" href="inet.examples.inet.redtest.REDTest.html" title="Network REDTest" alt="" coords="2200,5,2272,32">
<area shape="rect" href="inet.examples.inet.redtest.REDTestDebug.html" title="Network REDTestDebug" alt="" coords="2296,5,2405,32">
<area shape="rect" href="inet.examples.inet.redtest.REDTestTh.html" title="Network REDTestTh" alt="" coords="2429,5,2515,32">
<area shape="rect" href="inet.examples.mpls.testte_tunnel.RSVPTE4.html" title="Network RSVPTE4" alt="" coords="2539,5,2619,32">
<area shape="rect" href="inet.examples.ospfv2.simpletest.SimpleTest.html" title="Network SimpleTest" alt="" coords="2643,5,2728,32">
<area shape="rect" href="inet.examples.inet.tcptimestamps.tcptimestamps.html" title="Network tcptimestamps" alt="" coords="2752,5,2859,32">
<area shape="rect" href="inet.examples.inet.tcpwindowscale.tcpwindowscale.html" title="Network tcpwindowscale" alt="" coords="2883,5,2995,32">
<area shape="rect" href="inet.examples.emulation.traceroute.Traceroute.html" title="Network Traceroute" alt="" coords="3019,5,3101,32">
<area shape="rect" href="inet.examples.ospfv2.areas.TwoNetsArea.html" title="Compound Module TwoNetsArea" alt="" coords="3125,5,3224,32">
