<area shape="rect" href="ned.IdealChannel.html" title="Channel IdealChannel" alt="" coords="3719,80,3815,107">
<area shape="rect" href="inet.examples.ethernet.arptest2.ARPTest.html" title="Network ARPTest" alt="" coords="5,5,77,32">
<area shape="rect" href="inet.nodes.inet.BurstHost.html" title="Compound Module BurstHost" alt="" coords="101,5,181,32">
<area shape="rect" href="inet.examples.ethernet.lans.BusLAN.html" title="Network BusLAN" alt="" coords="205,5,277,32">
<area shape="rect" href="inet.nodes.ethernet.EtherHost.html" title="Compound Module EtherHost" alt="" coords="301,5,381,32">
<area shape="rect" href="inet.nodes.ethernet.EtherHost2.html" title="Compound Module EtherHost2" alt="" coords="405,5,491,32">
<area shape="rect" href="inet.linklayer.ethernet.EthernetInterface.html" title="Compound Module EthernetInterface" alt="" coords="515,5,635,32">
<area shape="rect" href="inet.linklayer.ethernet.EthernetInterface2.html" title="Compound Module EthernetInterface2" alt="" coords="659,5,784,32">
<area shape="rect" href="inet.linklayer.ethernet.EthernetInterfaceNoQueue.html" title="Compound Module EthernetInterfaceNoQueue" alt="" coords="808,5,981,32">
<area shape="rect" href="inet.linklayer.ieee80211.Ieee80211Nic.html" title="Compound Module Ieee80211Nic" alt="" coords="1005,5,1104,32">
<area shape="rect" href="inet.linklayer.ieee80211.Ieee80211NicAdhoc.html" title="Compound Module Ieee80211NicAdhoc" alt="" coords="1128,5,1264,32">
<area shape="rect" href="inet.linklayer.ieee80211.Ieee80211NicAP.html" title="Compound Module Ieee80211NicAP" alt="" coords="1288,5,1403,32">
<area shape="rect" href="inet.linklayer.ieee80211.Ieee80211NicAPSimplified.html" title="Compound Module Ieee80211NicAPSimplified" alt="" coords="1427,5,1597,32">
<area shape="rect" href="inet.linklayer.ieee80211.Ieee80211NicSTA.html" title="Compound Module Ieee80211NicSTA" alt="" coords="1621,5,1744,32">
<area shape="rect" href="inet.linklayer.ieee80211.Ieee80211NicSTASimplified.html" title="Compound Module Ieee80211NicSTASimplified" alt="" coords="1768,5,1947,32">
<area shape="rect" href="inet.examples.ethernet.lans.LargeLAN.html" title="Compound Module LargeLAN" alt="" coords="1971,5,2048,32">
<area shape="rect" href="inet.nodes.mpls.LDP_LSR.html" title="Compound Module LDP_LSR" alt="" coords="2072,5,2149,32">
<area shape="rect" href="inet.examples.ethernet.lans.MediumLAN.html" title="Compound Module MediumLAN" alt="" coords="2173,5,2264,32">
<area shape="rect" href="inet.nodes.adhoc.MFMobileHost.html" title="Compound Module MFMobileHost" alt="" coords="2288,5,2392,32">
<area shape="rect" href="inet.examples.ethernet.lans.MixedLAN.html" title="Network MixedLAN" alt="" coords="2416,5,2496,32">
<area shape="rect" href="inet.nodes.adhoc.MobileHost.html" title="Compound Module MobileHost" alt="" coords="2520,5,2605,32">
<area shape="rect" href="inet.nodes.inet.NetworkLayer.html" title="Compound Module NetworkLayer" alt="" coords="2629,5,2728,32">
<area shape="rect" href="inet.nodes.ipv6.NetworkLayer6.html" title="Compound Module NetworkLayer6" alt="" coords="2752,5,2859,32">
<area shape="rect" href="inet.linklayer.mf80211.Nic80211.html" title="Compound Module Nic80211" alt="" coords="2883,5,2957,32">
<area shape="rect" href="inet.linklayer.mf80211.NicCsma.html" title="Compound Module NicCsma" alt="" coords="2981,5,3056,32">
<area shape="rect" href="inet.base.Nop.html" title="Compound Module Nop" alt="" coords="3080,5,3152,32">
<area shape="rect" href="inet.examples.ospfv2.areas.OneNetArea.html" title="Compound Module OneNetArea" alt="" coords="3176,5,3267,32">
<area shape="rect" href="inet.examples.ospfv2.fulltest.OSPF_Area1.html" title="Compound Module OSPF_Area1" alt="" coords="3291,5,3389,32">
<area shape="rect" href="inet.examples.ospfv2.fulltest.OSPF_Area2.html" title="Compound Module OSPF_Area2" alt="" coords="3413,5,3512,32">
<area shape="rect" href="inet.examples.ospfv2.fulltest.OSPF_Area3.html" title="Compound Module OSPF_Area3" alt="" coords="3536,5,3635,32">
<area shape="rect" href="inet.nodes.inet.OSPFRouter.html" title="Compound Module OSPFRouter" alt="" coords="3659,5,3755,32">
<area shape="rect" href="inet.linklayer.ppp.PPPInterface.html" title="Compound Module PPPInterface" alt="" coords="3779,5,3875,32">
<area shape="rect" href="inet.linklayer.ppp.PPPInterfaceNoQueue.html" title="Compound Module PPPInterfaceNoQueue" alt="" coords="3899,5,4051,32">
<area shape="rect" href="inet.linklayer.ppp.PPPInterfaceWithDLDuplicatesGenerator.html" title="Compound Module PPPInterfaceWithDLDuplicatesGenerator" alt="" coords="4075,5,4333,32">
<area shape="rect" href="inet.linklayer.ppp.PPPInterfaceWithDLThruputMeter.html" title="Compound Module PPPInterfaceWithDLThruputMeter" alt="" coords="4357,5,4573,32">
<area shape="rect" href="inet.linklayer.ppp.PPPInterfaceWithULDropsGenerator.html" title="Compound Module PPPInterfaceWithULDropsGenerator" alt="" coords="4597,5,4829,32">
<area shape="rect" href="inet.linklayer.ppp.PPPInterfaceWithULThruputMeter.html" title="Compound Module PPPInterfaceWithULThruputMeter" alt="" coords="4853,5,5069,32">
<area shape="rect" href="inet.examples.inet.redtest.REDTestTh.html" title="Network REDTestTh" alt="" coords="5093,5,5179,32">
<area shape="rect" href="inet.nodes.mpls.RSVP_LSR.html" title="Compound Module RSVP_LSR" alt="" coords="5203,5,5291,32">
<area shape="rect" href="inet.transport.rtp.RTPHost.html" title="Compound Module RTPHost" alt="" coords="5315,5,5387,32">
<area shape="rect" href="inet.transport.rtp.RTPLayer.html" title="Compound Module RTPLayer" alt="" coords="5411,5,5488,32">
<area shape="rect" href="inet.examples.ethernet.lans.SmallLAN.html" title="Compound Module SmallLAN" alt="" coords="5512,5,5592,32">
<area shape="rect" href="inet.linklayer.mf80211.SnrNic.html" title="Compound Module SnrNic" alt="" coords="5616,5,5688,32">
<area shape="rect" href="inet.nodes.inet.StandardHost.html" title="Compound Module StandardHost" alt="" coords="5712,5,5811,32">
<area shape="rect" href="inet.nodes.ipv6.StandardHost6.html" title="Compound Module StandardHost6" alt="" coords="5835,5,5941,32">
<area shape="rect" href="inet.nodes.inet.StandardHostWithDLDuplicatesGenerator.html" title="Compound Module StandardHostWithDLDuplicatesGenerator" alt="" coords="5965,5,6227,32">
<area shape="rect" href="inet.nodes.inet.StandardHostWithDLThruputMeter.html" title="Compound Module StandardHostWithDLThruputMeter" alt="" coords="6251,5,6469,32">
<area shape="rect" href="inet.nodes.inet.StandardHostWithULDropsGenerator.html" title="Compound Module StandardHostWithULDropsGenerator" alt="" coords="6493,5,6728,32">
<area shape="rect" href="inet.nodes.inet.StandardHostWithULThruputMeter.html" title="Compound Module StandardHostWithULThruputMeter" alt="" coords="6752,5,6971,32">
<area shape="rect" href="inet.nodes.inet.TCPSpoofingHost.html" title="Compound Module TCPSpoofingHost" alt="" coords="6995,5,7117,32">
<area shape="rect" href="inet.examples.wireless.throughput.ThroughputClient.html" title="Compound Module ThroughputClient" alt="" coords="7141,5,7259,32">
<area shape="rect" href="inet.examples.wireless.hosttohost.ThroughputServer.html" title="Compound Module ThroughputServer" alt="" coords="7283,5,7403,32">
<area shape="rect" href="inet.examples.emulation.traceroute.Traceroute.html" title="Network Traceroute" alt="" coords="7427,5,7509,32">
<area shape="rect" href="inet.examples.ospfv2.areas.TwoNetsArea.html" title="Compound Module TwoNetsArea" alt="" coords="7533,5,7632,32">
<area shape="rect" href="inet.nodes.wireless.WirelessAP.html" title="Compound Module WirelessAP" alt="" coords="7656,5,7747,32">
<area shape="rect" href="inet.nodes.wireless.WirelessAPSimplified.html" title="Compound Module WirelessAPSimplified" alt="" coords="7771,5,7917,32">
<area shape="rect" href="inet.nodes.wireless.WirelessAPWithEth.html" title="Compound Module WirelessAPWithEth" alt="" coords="7941,5,8077,32">
<area shape="rect" href="inet.nodes.wireless.WirelessAPWithEthSimplified.html" title="Compound Module WirelessAPWithEthSimplified" alt="" coords="8101,5,8293,32">
<area shape="rect" href="inet.examples.wireless.throughput.WirelessAPWithSink.html" title="Compound Module WirelessAPWithSink" alt="" coords="8317,5,8461,32">
<area shape="rect" href="inet.nodes.wireless.WirelessHost.html" title="Compound Module WirelessHost" alt="" coords="8485,5,8584,32">
<area shape="rect" href="inet.nodes.wireless.WirelessHostSimplified.html" title="Compound Module WirelessHostSimplified" alt="" coords="8608,5,8763,32">
